// Jest Snapshot v1, https://goo.gl/fbAQLP

exports[`TaskList component test render 1`] = `
<ul
  className="list-group list-group-flush"
>
  <TaskListItem
    handleDeleteTask={[MockFunction]}
    handleToggle={[MockFunction]}
    index={0}
    key="1"
    task={
      Object {
        "desc": "Aprender React.js",
        "done": false,
        "id": 1,
      }
    }
  />
  <TaskListItem
    handleDeleteTask={[MockFunction]}
    handleToggle={[MockFunction]}
    index={1}
    key="2"
    task={
      Object {
        "desc": "Aprender Angular",
        "done": false,
        "id": 2,
      }
    }
  />
</ul>
`;
