// Jest Snapshot v1, https://goo.gl/fbAQLP

exports[`TaskAdd component test render 1`] = `
<Fragment>
  <div
    className="col-5"
  >
    <h3>
      Agregar Task
    </h3>
    <hr />
    <form
      onSubmit={[Function]}
    >
      <input
        autoComplete="off"
        className="form-control"
        name="description"
        onChange={[Function]}
        placeholder="Task"
        type="text"
        value=""
      />
      <button
        className="btn btn-outline-success mt-2 btn-block"
        type="submit"
      >
        Agregar
      </button>
    </form>
  </div>
</Fragment>
`;
