// Jest Snapshot v1, https://goo.gl/fbAQLP

exports[`Home component test render 1`] = `
<div>
  <h1>
    Home
  </h1>
  <hr />
  <pre />
</div>
`;
