// Jest Snapshot v1, https://goo.gl/fbAQLP

exports[`Navbar component test render 1`] = `
<nav
  className="navbar navbar-expand-lg navbar-light bg-primary"
>
  <h3
    className="navbar-brand"
  >
    useContext
  </h3>
  <div
    className="collapse navbar-collapse"
    id="navbarNavAltMarkup"
  >
    <div
      className="navbar-nav"
    >
      <NavLink
        activeClassName="active"
        className="nav-item nav-link"
        exact={true}
        to="/"
      >
        Home
      </NavLink>
      <NavLink
        activeClassName="active"
        className="nav-item nav-link"
        exact={true}
        to="/login"
      >
        Login
      </NavLink>
      <NavLink
        activeClassName="active"
        className="nav-item nav-link"
        exact={true}
        to="/about"
      >
        About
      </NavLink>
    </div>
  </div>
</nav>
`;
